# build_date_log 20171118 role=train_p250
[manifest] rows=120 matched=120 mismatch=0 missing_local=0
[assemble] rc=0
  [assemble] manifest rows: 120 snapshots: ['20171118.20z']
  [assemble] required feature snapshots: ['20171118.02z', '20171118.08z', '20171118.14z', '20171118.20z']
  [assemble]   feature file: True /mnt/d/lagrangian-jepa-cn/reuse_stilt/server_backup_20260830/hrrr_stilt_production_v1/train_p250/20171118/model_features/a2017111802_f00.npz
  [assemble]   feature file: True /mnt/d/lagrangian-jepa-cn/reuse_stilt/server_backup_20260830/hrrr_stilt_production_v1/train_p250/20171118/model_features/a2017111808_f00.npz
  [assemble]   feature file: True /mnt/d/lagrangian-jepa-cn/reuse_stilt/server_backup_20260830/hrrr_stilt_production_v1/train_p250/20171118/model_features/a2017111814_f00.npz
  [assemble]   feature file: True /mnt/d/lagrangian-jepa-cn/reuse_stilt/server_backup_20260830/hrrr_stilt_production_v1/train_p250/20171118/model_features/a2017111820_f00.npz
  [assemble] loaded 20171118.02z {'U10M': ((1059, 1799), dtype('float32'), 0.6873794198036194), 'V10M': ((1059, 1799), dtype('float32'), -0.6325530409812927), 'PBLH': ((1059, 1799), dtype('float32'), 407.8794860839844), 'PRSS': ((1059, 1799), dtype('float32'), 96052.328125)} (0.2s)
  [assemble] loaded 20171118.08z {'U10M': ((1059, 1799), dtype('float32'), 0.7304390668869019), 'V10M': ((1059, 1799), dtype('float32'), -0.530082643032074), 'PBLH': ((1059, 1799), dtype('float32'), 365.5523681640625), 'PRSS': ((1059, 1799), dtype('float32'), 96084.34375)} (0.5s)
  [assemble] loaded 20171118.14z {'U10M': ((1059, 1799), dtype('float32'), 0.6885133385658264), 'V10M': ((1059, 1799), dtype('float32'), -0.41791146993637085), 'PBLH': ((1059, 1799), dtype('float32'), 387.6964111328125), 'PRSS': ((1059, 1799), dtype('float32'), 96190.5078125)} (0.7s)
  [assemble] loaded 20171118.20z {'U10M': ((1059, 1799), dtype('float32'), 1.177188754081726), 'V10M': ((1059, 1799), dtype('float32'), -0.5899114608764648), 'PBLH': ((1059, 1799), dtype('float32'), 690.18310546875), 'PRSS': ((1059, 1799), dtype('float32'), 96083.921875)} (0.9s)
  [assemble]  20/120 kept=20 skip=0 (1.2s)
  [assemble]  40/120 kept=40 skip=0 (1.6s)
  [assemble]  60/120 kept=60 skip=0 (1.9s)
  [assemble]  80/120 kept=80 skip=0 (2.2s)
  [assemble]  100/120 kept=100 skip=0 (2.6s)
  [assemble]  120/120 kept=120 skip=0 (2.9s)
  [assemble] saved 120 samples -> /mnt/d/lagrangian-jepa-cn/data/datasets/formal_hrrr_train_p250/20171118 (skip 0) (3.9s)
  {
    "n_samples": 120,
    "n_skipped": 0,
    "arrays": {
      "inputs": [
        120,
        20,
        128,
        128
      ],
      "targets": [
        120,
        128,
        128
      ]
    }
  }
  
[validate_dataset.py] rc=0
  load_dataset replica: PASS
    x: (120, 20, 128, 128) float32 | y: (120, 128, 128) float32
    samples: 120 | contract grid: 128 | schema: 5
    target_mode: stilt_surface_footprint_physical | label_source: stilt_xstilt
    unique sim_ids: 120 | unique receptors: 120 | unique input/target pairs: 120
    inputs_sha256: 8d013f51ff7846923a4181e3651ab5e6f56596542cb2f8ebf26c08c4a0a35391
    targets_sha256: 5814e6b6f2fa1c9311db46fbd3876e73d1f8f320471dfc7ee362afd6a90c2cd4
    coverage min/mean/max: 0.98443603515625 0.98443603515625 0.98443603515625
    footprint_sum min/mean/max: 0.13496681709259767 58.6379156333205 156.5900288048378
  
[train_stilt_strict.load_dataset] rc=0
  load_dataset PASS
  x (120, 20, 128, 128) float32 y (120, 128, 128) float32
  uniqueness {'unique_sim_ids': 120, 'unique_receptors': 120, 'unique_input_target_pairs': 120}
  fingerprints {'inputs_sha256': '8d013f51ff7846923a4181e3651ab5e6f56596542cb2f8ebf26c08c4a0a35391', 'targets_sha256': '5814e6b6f2fa1c9311db46fbd3876e73d1f8f320471dfc7ee362afd6a90c2cd4', 'metadata_sha256': 'c2777fde56a0771495bc32107cf01b2213912ff84d7bd7ee3fc643e7a073039e'}
  
ALL CHECKS PASSED
