# build_date_log 20161021 role=train_p250
[manifest] rows=120 matched=120 mismatch=0 missing_local=0
[assemble] rc=0
  [assemble] manifest rows: 120 snapshots: ['20161021.20z']
  [assemble] required feature snapshots: ['20161021.02z', '20161021.08z', '20161021.14z', '20161021.20z']
  [assemble]   feature file: True /mnt/d/lagrangian-jepa-cn/reuse_stilt/server_backup_20260830/hrrr_stilt_production_v1/train_p250/20161021/model_features/a2016102102_f00.npz
  [assemble]   feature file: True /mnt/d/lagrangian-jepa-cn/reuse_stilt/server_backup_20260830/hrrr_stilt_production_v1/train_p250/20161021/model_features/a2016102108_f00.npz
  [assemble]   feature file: True /mnt/d/lagrangian-jepa-cn/reuse_stilt/server_backup_20260830/hrrr_stilt_production_v1/train_p250/20161021/model_features/a2016102114_f00.npz
  [assemble]   feature file: True /mnt/d/lagrangian-jepa-cn/reuse_stilt/server_backup_20260830/hrrr_stilt_production_v1/train_p250/20161021/model_features/a2016102120_f00.npz
  [assemble] loaded 20161021.02z {'U10M': ((1059, 1799), dtype('float32'), -0.40996190905570984), 'V10M': ((1059, 1799), dtype('float32'), -1.204168438911438), 'PBLH': ((1059, 1799), dtype('float32'), 320.8442077636719), 'PRSS': ((1059, 1799), dtype('float32'), 96457.6015625)} (0.3s)
  [assemble] loaded 20161021.08z {'U10M': ((1059, 1799), dtype('float32'), -0.005058623384684324), 'V10M': ((1059, 1799), dtype('float32'), -0.947638988494873), 'PBLH': ((1059, 1799), dtype('float32'), 291.623291015625), 'PRSS': ((1059, 1799), dtype('float32'), 96336.484375)} (0.5s)
  [assemble] loaded 20161021.14z {'U10M': ((1059, 1799), dtype('float32'), 0.30094432830810547), 'V10M': ((1059, 1799), dtype('float32'), -1.0995252132415771), 'PBLH': ((1059, 1799), dtype('float32'), 320.4992980957031), 'PRSS': ((1059, 1799), dtype('float32'), 96302.4453125)} (0.7s)
  [assemble] loaded 20161021.20z {'U10M': ((1059, 1799), dtype('float32'), 0.9822473526000977), 'V10M': ((1059, 1799), dtype('float32'), -0.9667624235153198), 'PBLH': ((1059, 1799), dtype('float32'), 788.91455078125), 'PRSS': ((1059, 1799), dtype('float32'), 96097.21875)} (0.9s)
  [assemble]  20/120 kept=20 skip=0 (1.3s)
  [assemble]  40/120 kept=40 skip=0 (1.7s)
  [assemble]  60/120 kept=60 skip=0 (2.1s)
  [assemble]  80/120 kept=80 skip=0 (2.4s)
  [assemble]  100/120 kept=100 skip=0 (2.8s)
  [assemble]  120/120 kept=120 skip=0 (3.2s)
  [assemble] saved 120 samples -> /mnt/d/lagrangian-jepa-cn/data/datasets/formal_hrrr_train_p250/20161021 (skip 0) (4.3s)
  {
    "n_samples": 120,
    "n_skipped": 0,
    "arrays": {
      "inputs": [
        120,
        20,
        128,
        128
      ],
      "targets": [
        120,
        128,
        128
      ]
    }
  }
  
[validate_dataset.py] rc=0
  load_dataset replica: PASS
    x: (120, 20, 128, 128) float32 | y: (120, 128, 128) float32
    samples: 120 | contract grid: 128 | schema: 5
    target_mode: stilt_surface_footprint_physical | label_source: stilt_xstilt
    unique sim_ids: 120 | unique receptors: 120 | unique input/target pairs: 120
    inputs_sha256: 1f1e8aca84cb8b1a151b5a70c0f77161ea510e01d25d906e57cb821b82b3af9d
    targets_sha256: 60f48c2511f61ffb59e8bfd9a6efe36ddd8b09fb50e1e39603bf1c76d7fa21c5
    coverage min/mean/max: 0.98443603515625 0.98443603515625 0.98443603515625
    footprint_sum min/mean/max: 6.3705966564629275 9.512470099202451 14.972558307249157
  
[train_stilt_strict.load_dataset] rc=0
  load_dataset PASS
  x (120, 20, 128, 128) float32 y (120, 128, 128) float32
  uniqueness {'unique_sim_ids': 120, 'unique_receptors': 120, 'unique_input_target_pairs': 120}
  fingerprints {'inputs_sha256': '1f1e8aca84cb8b1a151b5a70c0f77161ea510e01d25d906e57cb821b82b3af9d', 'targets_sha256': '60f48c2511f61ffb59e8bfd9a6efe36ddd8b09fb50e1e39603bf1c76d7fa21c5', 'metadata_sha256': '377103958fcba8ed2dad971621ad211e626a6c0c090aea7c5c9421c13573c1a2'}
  
ALL CHECKS PASSED
