# build_date_log 20171006 role=train_p250
[manifest] rows=120 matched=120 mismatch=0 missing_local=0
[assemble] rc=0
  [assemble] manifest rows: 120 snapshots: ['20171006.21z']
  [assemble] required feature snapshots: ['20171006.03z', '20171006.09z', '20171006.15z', '20171006.21z']
  [assemble]   feature file: True /mnt/d/lagrangian-jepa-cn/reuse_stilt/server_backup_20260830/hrrr_stilt_production_v1/train_p250/20171006/model_features/a2017100603_f00.npz
  [assemble]   feature file: True /mnt/d/lagrangian-jepa-cn/reuse_stilt/server_backup_20260830/hrrr_stilt_production_v1/train_p250/20171006/model_features/a2017100609_f00.npz
  [assemble]   feature file: True /mnt/d/lagrangian-jepa-cn/reuse_stilt/server_backup_20260830/hrrr_stilt_production_v1/train_p250/20171006/model_features/a2017100615_f00.npz
  [assemble]   feature file: True /mnt/d/lagrangian-jepa-cn/reuse_stilt/server_backup_20260830/hrrr_stilt_production_v1/train_p250/20171006/model_features/a2017100621_f00.npz
  [assemble] loaded 20171006.03z {'U10M': ((1059, 1799), dtype('float32'), -0.7191259264945984), 'V10M': ((1059, 1799), dtype('float32'), -0.4989970624446869), 'PBLH': ((1059, 1799), dtype('float32'), 269.1731872558594), 'PRSS': ((1059, 1799), dtype('float32'), 96350.921875)} (0.2s)
  [assemble] loaded 20171006.09z {'U10M': ((1059, 1799), dtype('float32'), -0.5080784559249878), 'V10M': ((1059, 1799), dtype('float32'), -0.37898164987564087), 'PBLH': ((1059, 1799), dtype('float32'), 218.24057006835938), 'PRSS': ((1059, 1799), dtype('float32'), 96287.9296875)} (0.4s)
  [assemble] loaded 20171006.15z {'U10M': ((1059, 1799), dtype('float32'), -0.3098032474517822), 'V10M': ((1059, 1799), dtype('float32'), 0.002198426518589258), 'PBLH': ((1059, 1799), dtype('float32'), 325.6959228515625), 'PRSS': ((1059, 1799), dtype('float32'), 96322.2109375)} (0.6s)
  [assemble] loaded 20171006.21z {'U10M': ((1059, 1799), dtype('float32'), 0.4138301908969879), 'V10M': ((1059, 1799), dtype('float32'), -0.012834548950195312), 'PBLH': ((1059, 1799), dtype('float32'), 808.655029296875), 'PRSS': ((1059, 1799), dtype('float32'), 96033.40625)} (0.8s)
  [assemble]  20/120 kept=20 skip=0 (1.2s)
  [assemble]  40/120 kept=40 skip=0 (1.6s)
  [assemble]  60/120 kept=60 skip=0 (2.0s)
  [assemble]  80/120 kept=80 skip=0 (2.4s)
  [assemble]  100/120 kept=100 skip=0 (2.8s)
  [assemble]  120/120 kept=120 skip=0 (3.1s)
  [assemble] saved 120 samples -> /mnt/d/lagrangian-jepa-cn/data/datasets/formal_hrrr_train_p250/20171006 (skip 0) (4.3s)
  {
    "n_samples": 120,
    "n_skipped": 0,
    "arrays": {
      "inputs": [
        120,
        20,
        128,
        128
      ],
      "targets": [
        120,
        128,
        128
      ]
    }
  }
  
[validate_dataset.py] rc=0
  load_dataset replica: PASS
    x: (120, 20, 128, 128) float32 | y: (120, 128, 128) float32
    samples: 120 | contract grid: 128 | schema: 5
    target_mode: stilt_surface_footprint_physical | label_source: stilt_xstilt
    unique sim_ids: 120 | unique receptors: 120 | unique input/target pairs: 120
    inputs_sha256: ed9df9eeccae78671a25066279658f5c8a0e55edac91a412fce8ab30c8063c4a
    targets_sha256: c0f33d6f18987a1e3b5ca4fe9e3cf7bc4dc203cd4bb1561561ccd82697db2d78
    coverage min/mean/max: 0.98443603515625 0.98443603515625 0.98443603515625
    footprint_sum min/mean/max: 5.638869482451321 31.263032279168588 49.055811727797604
  
[train_stilt_strict.load_dataset] rc=0
  load_dataset PASS
  x (120, 20, 128, 128) float32 y (120, 128, 128) float32
  uniqueness {'unique_sim_ids': 120, 'unique_receptors': 120, 'unique_input_target_pairs': 120}
  fingerprints {'inputs_sha256': 'ed9df9eeccae78671a25066279658f5c8a0e55edac91a412fce8ab30c8063c4a', 'targets_sha256': 'c0f33d6f18987a1e3b5ca4fe9e3cf7bc4dc203cd4bb1561561ccd82697db2d78', 'metadata_sha256': 'cd92b2131b46d2a41e58b5da2bbd52a38a16fab651536b248bf5aa8ed375bb86'}
  
ALL CHECKS PASSED
