# build_date_log 20161111 role=formal_test_p1000
[manifest] rows=120 matched=120 mismatch=0 missing_local=0
[assemble] rc=0
  [assemble] manifest rows: 120 snapshots: ['20161111.21z']
  [assemble] required feature snapshots: ['20161111.03z', '20161111.09z', '20161111.15z', '20161111.21z']
  [assemble]   feature file: True /mnt/d/lagrangian-jepa-cn/reuse_stilt/server_backup_20260830/hrrr_stilt_production_v1/formal_test_p1000/20161111/model_features/a2016111103_f00.npz
  [assemble]   feature file: True /mnt/d/lagrangian-jepa-cn/reuse_stilt/server_backup_20260830/hrrr_stilt_production_v1/formal_test_p1000/20161111/model_features/a2016111109_f00.npz
  [assemble]   feature file: True /mnt/d/lagrangian-jepa-cn/reuse_stilt/server_backup_20260830/hrrr_stilt_production_v1/formal_test_p1000/20161111/model_features/a2016111115_f00.npz
  [assemble]   feature file: True /mnt/d/lagrangian-jepa-cn/reuse_stilt/server_backup_20260830/hrrr_stilt_production_v1/formal_test_p1000/20161111/model_features/a2016111121_f00.npz
  [assemble] loaded 20161111.03z {'U10M': ((1059, 1799), dtype('float32'), 0.8106635808944702), 'V10M': ((1059, 1799), dtype('float32'), -0.8025636076927185), 'PBLH': ((1059, 1799), dtype('float32'), 327.71478271484375), 'PRSS': ((1059, 1799), dtype('float32'), 96451.0859375)} (0.2s)
  [assemble] loaded 20161111.09z {'U10M': ((1059, 1799), dtype('float32'), 0.9101240634918213), 'V10M': ((1059, 1799), dtype('float32'), -0.7022209763526917), 'PBLH': ((1059, 1799), dtype('float32'), 320.3559875488281), 'PRSS': ((1059, 1799), dtype('float32'), 96479.3359375)} (0.3s)
  [assemble] loaded 20161111.15z {'U10M': ((1059, 1799), dtype('float32'), 0.9201290011405945), 'V10M': ((1059, 1799), dtype('float32'), -0.8528958559036255), 'PBLH': ((1059, 1799), dtype('float32'), 397.0082702636719), 'PRSS': ((1059, 1799), dtype('float32'), 96600.1953125)} (0.5s)
  [assemble] loaded 20161111.21z {'U10M': ((1059, 1799), dtype('float32'), 1.1807003021240234), 'V10M': ((1059, 1799), dtype('float32'), -0.8021761178970337), 'PBLH': ((1059, 1799), dtype('float32'), 776.4827270507812), 'PRSS': ((1059, 1799), dtype('float32'), 96472.234375)} (0.6s)
  [assemble]  20/120 kept=20 skip=0 (1.0s)
  [assemble]  40/120 kept=40 skip=0 (1.3s)
  [assemble]  60/120 kept=60 skip=0 (1.6s)
  [assemble]  80/120 kept=80 skip=0 (2.0s)
  [assemble]  100/120 kept=100 skip=0 (2.3s)
  [assemble]  120/120 kept=120 skip=0 (2.7s)
  [assemble] saved 120 samples -> /mnt/d/lagrangian-jepa-cn/data/datasets/formal_hrrr_formal_test_p1000/20161111 (skip 0) (3.7s)
  {
    "n_samples": 120,
    "n_skipped": 0,
    "arrays": {
      "inputs": [
        120,
        20,
        128,
        128
      ],
      "targets": [
        120,
        128,
        128
      ]
    }
  }
  
[validate_dataset.py] rc=0
  load_dataset replica: PASS
    x: (120, 20, 128, 128) float32 | y: (120, 128, 128) float32
    samples: 120 | contract grid: 128 | schema: 5
    target_mode: stilt_surface_footprint_physical | label_source: stilt_xstilt
    unique sim_ids: 120 | unique receptors: 120 | unique input/target pairs: 120
    inputs_sha256: 8f7d9d9a9bc057d8a8914ac6fc59ae36edb19d88e0e3c0121da2156cab3a145a
    targets_sha256: 994cf824ea06e91ba7645c355dd2c22c6698c02d2156b06c44833befb557c5de
    coverage min/mean/max: 0.98443603515625 0.98443603515625 0.98443603515625
    footprint_sum min/mean/max: 2.417309135901026 7.779800800057043 34.17116437029509
  
[train_stilt_strict.load_dataset] rc=0
  load_dataset PASS
  x (120, 20, 128, 128) float32 y (120, 128, 128) float32
  uniqueness {'unique_sim_ids': 120, 'unique_receptors': 120, 'unique_input_target_pairs': 120}
  fingerprints {'inputs_sha256': '8f7d9d9a9bc057d8a8914ac6fc59ae36edb19d88e0e3c0121da2156cab3a145a', 'targets_sha256': '994cf824ea06e91ba7645c355dd2c22c6698c02d2156b06c44833befb557c5de', 'metadata_sha256': 'b39d159e11a196bfd28a2632d6ea0fc866e6f4aa0ee8a81924d40d1f00971179'}
  
ALL CHECKS PASSED
