# build_date_log 20170922 role=formal_test_p1000
[manifest] rows=120 matched=120 mismatch=0 missing_local=0
[assemble] rc=0
  [assemble] manifest rows: 120 snapshots: ['20170922.20z']
  [assemble] required feature snapshots: ['20170922.02z', '20170922.08z', '20170922.14z', '20170922.20z']
  [assemble]   feature file: True /mnt/d/lagrangian-jepa-cn/reuse_stilt/server_backup_20260830/hrrr_stilt_production_v1/formal_test_p1000/20170922/model_features/a2017092202_f00.npz
  [assemble]   feature file: True /mnt/d/lagrangian-jepa-cn/reuse_stilt/server_backup_20260830/hrrr_stilt_production_v1/formal_test_p1000/20170922/model_features/a2017092208_f00.npz
  [assemble]   feature file: True /mnt/d/lagrangian-jepa-cn/reuse_stilt/server_backup_20260830/hrrr_stilt_production_v1/formal_test_p1000/20170922/model_features/a2017092214_f00.npz
  [assemble]   feature file: True /mnt/d/lagrangian-jepa-cn/reuse_stilt/server_backup_20260830/hrrr_stilt_production_v1/formal_test_p1000/20170922/model_features/a2017092220_f00.npz
  [assemble] loaded 20170922.02z {'U10M': ((1059, 1799), dtype('float32'), -0.5264848470687866), 'V10M': ((1059, 1799), dtype('float32'), -0.9428627490997314), 'PBLH': ((1059, 1799), dtype('float32'), 410.0303955078125), 'PRSS': ((1059, 1799), dtype('float32'), 96024.4609375)} (0.2s)
  [assemble] loaded 20170922.08z {'U10M': ((1059, 1799), dtype('float32'), -0.5037285089492798), 'V10M': ((1059, 1799), dtype('float32'), -0.93470299243927), 'PBLH': ((1059, 1799), dtype('float32'), 325.1187744140625), 'PRSS': ((1059, 1799), dtype('float32'), 96051.4296875)} (0.3s)
  [assemble] loaded 20170922.14z {'U10M': ((1059, 1799), dtype('float32'), -0.5006526708602905), 'V10M': ((1059, 1799), dtype('float32'), -1.026719570159912), 'PBLH': ((1059, 1799), dtype('float32'), 364.70233154296875), 'PRSS': ((1059, 1799), dtype('float32'), 96141.1015625)} (0.4s)
  [assemble] loaded 20170922.20z {'U10M': ((1059, 1799), dtype('float32'), -0.24992865324020386), 'V10M': ((1059, 1799), dtype('float32'), -0.6468522548675537), 'PBLH': ((1059, 1799), dtype('float32'), 1044.4615478515625), 'PRSS': ((1059, 1799), dtype('float32'), 96040.4921875)} (0.6s)
  [assemble]  20/120 kept=20 skip=0 (0.9s)
  [assemble]  40/120 kept=40 skip=0 (1.3s)
  [assemble]  60/120 kept=60 skip=0 (1.6s)
  [assemble]  80/120 kept=80 skip=0 (1.9s)
  [assemble]  100/120 kept=100 skip=0 (2.3s)
  [assemble]  120/120 kept=120 skip=0 (2.6s)
  [assemble] saved 120 samples -> /mnt/d/lagrangian-jepa-cn/data/datasets/formal_hrrr_formal_test_p1000/20170922 (skip 0) (3.7s)
  {
    "n_samples": 120,
    "n_skipped": 0,
    "arrays": {
      "inputs": [
        120,
        20,
        128,
        128
      ],
      "targets": [
        120,
        128,
        128
      ]
    }
  }
  
[validate_dataset.py] rc=0
  load_dataset replica: PASS
    x: (120, 20, 128, 128) float32 | y: (120, 128, 128) float32
    samples: 120 | contract grid: 128 | schema: 5
    target_mode: stilt_surface_footprint_physical | label_source: stilt_xstilt
    unique sim_ids: 120 | unique receptors: 120 | unique input/target pairs: 120
    inputs_sha256: f8b9ef0d228588c7f4c3f00796ed2589ea4ba1e346ce923c9d0afaa7b27c229b
    targets_sha256: d64763806a97fda7e8b635f9df8d0986caf2d124d987571322e3ebdf6dce1ca3
    coverage min/mean/max: 0.98443603515625 0.98443603515625 0.98443603515625
    footprint_sum min/mean/max: 16.115570140529808 17.65631812661116 20.35189308889496
  
[train_stilt_strict.load_dataset] rc=0
  load_dataset PASS
  x (120, 20, 128, 128) float32 y (120, 128, 128) float32
  uniqueness {'unique_sim_ids': 120, 'unique_receptors': 120, 'unique_input_target_pairs': 120}
  fingerprints {'inputs_sha256': 'f8b9ef0d228588c7f4c3f00796ed2589ea4ba1e346ce923c9d0afaa7b27c229b', 'targets_sha256': 'd64763806a97fda7e8b635f9df8d0986caf2d124d987571322e3ebdf6dce1ca3', 'metadata_sha256': 'a164a97b39b7eaa0e663009715d021c5ea73ce4c8ad795ffd192154538abc3bc'}
  
ALL CHECKS PASSED
