[assemble] manifest rows: 120 snapshots: ['20171111.20z']
[assemble] required feature snapshots: ['20171111.02z', '20171111.08z', '20171111.14z', '20171111.20z']
[assemble]   feature file: True /mnt/d/lagrangian-jepa-cn/met_cache/hrrr_20171111/2017111102.grib2
[assemble]   feature file: True /mnt/d/lagrangian-jepa-cn/met_cache/hrrr_20171111/2017111108.grib2
[assemble]   feature file: True /mnt/d/lagrangian-jepa-cn/met_cache/hrrr_20171111/2017111114.grib2
[assemble]   feature file: True /mnt/d/lagrangian-jepa-cn/met_cache/hrrr_20171111/2017111120.grib2
[assemble] loaded 20171111.02z {'PRSS': ((1059, 1799), dtype('float32'), 96592.5078125), 'U10M': ((1059, 1799), dtype('float32'), 0.20554745197296143), 'V10M': ((1059, 1799), dtype('float32'), -1.3387831449508667), 'PBLH': ((1059, 1799), dtype('float32'), 413.905517578125)} (3.0s)
[assemble] loaded 20171111.08z {'PRSS': ((1059, 1799), dtype('float32'), 96613.390625), 'U10M': ((1059, 1799), dtype('float32'), -0.05020540580153465), 'V10M': ((1059, 1799), dtype('float32'), -1.133910059928894), 'PBLH': ((1059, 1799), dtype('float32'), 361.26629638671875)} (5.6s)
[assemble] loaded 20171111.14z {'PRSS': ((1059, 1799), dtype('float32'), 96725.7890625), 'U10M': ((1059, 1799), dtype('float32'), -0.3252162039279938), 'V10M': ((1059, 1799), dtype('float32'), -1.0933105945587158), 'PBLH': ((1059, 1799), dtype('float32'), 356.4154968261719)} (8.3s)
[assemble] loaded 20171111.20z {'PRSS': ((1059, 1799), dtype('float32'), 96639.3359375), 'U10M': ((1059, 1799), dtype('float32'), -0.13897836208343506), 'V10M': ((1059, 1799), dtype('float32'), -0.7983669638633728), 'PBLH': ((1059, 1799), dtype('float32'), 678.7039794921875)} (10.9s)
[assemble]  20/120 kept=20 skip=0 (11.1s)
[assemble]  40/120 kept=40 skip=0 (11.4s)
[assemble]  60/120 kept=60 skip=0 (11.6s)
[assemble]  80/120 kept=80 skip=0 (11.8s)
[assemble]  100/120 kept=100 skip=0 (12.0s)
[assemble]  120/120 kept=120 skip=0 (12.3s)
[assemble] saved 120 samples -> /mnt/d/lagrangian-jepa-cn/data/datasets/so_hrrr_20171111 (skip 0) (13.7s)
{
  "n_samples": 120,
  "n_skipped": 0,
  "arrays": {
    "inputs": [
      120,
      20,
      128,
      128
    ],
    "targets": [
      120,
      128,
      128
    ]
  }
}
