# build_date_log 20160802 role=formal_test_p1000
[manifest] rows=120 matched=120 mismatch=0 missing_local=0
[assemble] rc=0
  [assemble] manifest rows: 120 snapshots: ['20160802.20z']
  [assemble] required feature snapshots: ['20160802.02z', '20160802.08z', '20160802.14z', '20160802.20z']
  [assemble]   feature file: True /mnt/d/lagrangian-jepa-cn/reuse_stilt/server_backup_20260830/hrrr_stilt_production_v1/formal_test_p1000/20160802/model_features/a2016080202_f00.npz
  [assemble]   feature file: True /mnt/d/lagrangian-jepa-cn/reuse_stilt/server_backup_20260830/hrrr_stilt_production_v1/formal_test_p1000/20160802/model_features/a2016080208_f00.npz
  [assemble]   feature file: True /mnt/d/lagrangian-jepa-cn/reuse_stilt/server_backup_20260830/hrrr_stilt_production_v1/formal_test_p1000/20160802/model_features/a2016080214_f00.npz
  [assemble]   feature file: True /mnt/d/lagrangian-jepa-cn/reuse_stilt/server_backup_20260830/hrrr_stilt_production_v1/formal_test_p1000/20160802/model_features/a2016080220_f00.npz
  [assemble] loaded 20160802.02z {'U10M': ((1059, 1799), dtype('float32'), -0.45930778980255127), 'V10M': ((1059, 1799), dtype('float32'), -0.2210097312927246), 'PBLH': ((1059, 1799), dtype('float32'), 354.33172607421875), 'PRSS': ((1059, 1799), dtype('float32'), 96409.109375)} (0.1s)
  [assemble] loaded 20160802.08z {'U10M': ((1059, 1799), dtype('float32'), -0.23009663820266724), 'V10M': ((1059, 1799), dtype('float32'), 0.10101532191038132), 'PBLH': ((1059, 1799), dtype('float32'), 225.93539428710938), 'PRSS': ((1059, 1799), dtype('float32'), 96481.4765625)} (0.3s)
  [assemble] loaded 20160802.14z {'U10M': ((1059, 1799), dtype('float32'), 0.03239915892481804), 'V10M': ((1059, 1799), dtype('float32'), -0.22280168533325195), 'PBLH': ((1059, 1799), dtype('float32'), 454.557373046875), 'PRSS': ((1059, 1799), dtype('float32'), 96568.7421875)} (0.4s)
  [assemble] loaded 20160802.20z {'U10M': ((1059, 1799), dtype('float32'), 0.05138317123055458), 'V10M': ((1059, 1799), dtype('float32'), -0.2235853224992752), 'PBLH': ((1059, 1799), dtype('float32'), 1507.0477294921875), 'PRSS': ((1059, 1799), dtype('float32'), 96491.421875)} (0.5s)
  [assemble]  20/120 kept=20 skip=0 (0.9s)
  [assemble]  40/120 kept=40 skip=0 (1.2s)
  [assemble]  60/120 kept=60 skip=0 (1.5s)
  [assemble]  80/120 kept=80 skip=0 (2.0s)
  [assemble]  100/120 kept=100 skip=0 (2.4s)
  [assemble]  120/120 kept=120 skip=0 (2.8s)
  [assemble] saved 120 samples -> /mnt/d/lagrangian-jepa-cn/data/datasets/formal_hrrr_formal_test_p1000/20160802 (skip 0) (3.9s)
  {
    "n_samples": 120,
    "n_skipped": 0,
    "arrays": {
      "inputs": [
        120,
        20,
        128,
        128
      ],
      "targets": [
        120,
        128,
        128
      ]
    }
  }
  
[validate_dataset.py] rc=0
  load_dataset replica: PASS
    x: (120, 20, 128, 128) float32 | y: (120, 128, 128) float32
    samples: 120 | contract grid: 128 | schema: 5
    target_mode: stilt_surface_footprint_physical | label_source: stilt_xstilt
    unique sim_ids: 120 | unique receptors: 120 | unique input/target pairs: 120
    inputs_sha256: 033f978ece41074a3caeff185135ce22fe9bee7d2b32a9bee8a617f1081ac1af
    targets_sha256: 53a862ea15a1b59ae6550f05f860611f34ee2ce707e72ecb6557f71bbdad1a5d
    coverage min/mean/max: 0.98443603515625 0.98443603515625 0.98443603515625
    footprint_sum min/mean/max: 3.314061394107495 54.1647838059025 103.30934984077179
  
[train_stilt_strict.load_dataset] rc=0
  load_dataset PASS
  x (120, 20, 128, 128) float32 y (120, 128, 128) float32
  uniqueness {'unique_sim_ids': 120, 'unique_receptors': 120, 'unique_input_target_pairs': 120}
  fingerprints {'inputs_sha256': '033f978ece41074a3caeff185135ce22fe9bee7d2b32a9bee8a617f1081ac1af', 'targets_sha256': '53a862ea15a1b59ae6550f05f860611f34ee2ce707e72ecb6557f71bbdad1a5d', 'metadata_sha256': '18b4365a98cd3c51bb47307fe1e144866050eb790c86d228a577294f3e76758c'}
  
ALL CHECKS PASSED
log written: /mnt/d/lagrangian-jepa-cn/data/build/build_20160802.log
