# build_date_log 20160428 role=train_p250
[manifest] rows=120 matched=120 mismatch=0 missing_local=0
[assemble] rc=0
  [assemble] manifest rows: 120 snapshots: ['20160428.20z']
  [assemble] required feature snapshots: ['20160428.02z', '20160428.08z', '20160428.14z', '20160428.20z']
  [assemble]   feature file: True /mnt/d/lagrangian-jepa-cn/reuse_stilt/server_backup_20260830/hrrr_stilt_production_v1/train_p250/20160428/model_features/a2016042802_f00.npz
  [assemble]   feature file: True /mnt/d/lagrangian-jepa-cn/reuse_stilt/server_backup_20260830/hrrr_stilt_production_v1/train_p250/20160428/model_features/a2016042808_f00.npz
  [assemble]   feature file: True /mnt/d/lagrangian-jepa-cn/reuse_stilt/server_backup_20260830/hrrr_stilt_production_v1/train_p250/20160428/model_features/a2016042814_f00.npz
  [assemble]   feature file: True /mnt/d/lagrangian-jepa-cn/reuse_stilt/server_backup_20260830/hrrr_stilt_production_v1/train_p250/20160428/model_features/a2016042820_f00.npz
  [assemble] loaded 20160428.02z {'U10M': ((1059, 1799), dtype('float32'), -0.07118851691484451), 'V10M': ((1059, 1799), dtype('float32'), -1.1850875616073608), 'PBLH': ((1059, 1799), dtype('float32'), 321.3366394042969), 'PRSS': ((1059, 1799), dtype('float32'), 95899.421875)} (0.2s)
  [assemble] loaded 20160428.08z {'U10M': ((1059, 1799), dtype('float32'), -0.07923108339309692), 'V10M': ((1059, 1799), dtype('float32'), -1.0574095249176025), 'PBLH': ((1059, 1799), dtype('float32'), 258.02349853515625), 'PRSS': ((1059, 1799), dtype('float32'), 95978.9453125)} (0.4s)
  [assemble] loaded 20160428.14z {'U10M': ((1059, 1799), dtype('float32'), -0.12994354963302612), 'V10M': ((1059, 1799), dtype('float32'), -1.2175266742706299), 'PBLH': ((1059, 1799), dtype('float32'), 500.4504699707031), 'PRSS': ((1059, 1799), dtype('float32'), 96157.5859375)} (0.6s)
  [assemble] loaded 20160428.20z {'U10M': ((1059, 1799), dtype('float32'), 0.11435926705598831), 'V10M': ((1059, 1799), dtype('float32'), -0.8111453056335449), 'PBLH': ((1059, 1799), dtype('float32'), 1249.18212890625), 'PRSS': ((1059, 1799), dtype('float32'), 96148.0078125)} (0.7s)
  [assemble]  20/120 kept=20 skip=0 (1.1s)
  [assemble]  40/120 kept=40 skip=0 (1.4s)
  [assemble]  60/120 kept=60 skip=0 (1.7s)
  [assemble]  80/120 kept=80 skip=0 (2.1s)
  [assemble]  100/120 kept=100 skip=0 (2.4s)
  [assemble]  120/120 kept=120 skip=0 (2.7s)
  [assemble] saved 120 samples -> /mnt/d/lagrangian-jepa-cn/data/datasets/formal_hrrr_train_p250/20160428 (skip 0) (3.7s)
  {
    "n_samples": 120,
    "n_skipped": 0,
    "arrays": {
      "inputs": [
        120,
        20,
        128,
        128
      ],
      "targets": [
        120,
        128,
        128
      ]
    }
  }
  
[validate_dataset.py] rc=0
  load_dataset replica: PASS
    x: (120, 20, 128, 128) float32 | y: (120, 128, 128) float32
    samples: 120 | contract grid: 128 | schema: 5
    target_mode: stilt_surface_footprint_physical | label_source: stilt_xstilt
    unique sim_ids: 120 | unique receptors: 120 | unique input/target pairs: 120
    inputs_sha256: 2cfaf35204f1752f26b4e75e027afd94515d545dae0920d03c35e1693ab0c4fc
    targets_sha256: fb0808f3baee0c2004b48019089e72b43cb2208aef2906fe609fe5161cce5920
    coverage min/mean/max: 0.98443603515625 0.98443603515625 0.98443603515625
    footprint_sum min/mean/max: 14.737056736140396 32.21015069711571 82.35760350053616
  
[train_stilt_strict.load_dataset] rc=0
  load_dataset PASS
  x (120, 20, 128, 128) float32 y (120, 128, 128) float32
  uniqueness {'unique_sim_ids': 120, 'unique_receptors': 120, 'unique_input_target_pairs': 120}
  fingerprints {'inputs_sha256': '2cfaf35204f1752f26b4e75e027afd94515d545dae0920d03c35e1693ab0c4fc', 'targets_sha256': 'fb0808f3baee0c2004b48019089e72b43cb2208aef2906fe609fe5161cce5920', 'metadata_sha256': '5660cbabcc40e07083ea8e345ea6e4065392a87459f23162a095f9a3e9bcf437'}
  
ALL CHECKS PASSED
log written: /mnt/d/lagrangian-jepa-cn/data/build/build_20160428.log
