# build_date_log 20170611 role=train_p250
[manifest] rows=120 matched=120 mismatch=0 missing_local=0
[assemble] rc=0
  [assemble] manifest rows: 120 snapshots: ['20170611.20z']
  [assemble] required feature snapshots: ['20170611.02z', '20170611.08z', '20170611.14z', '20170611.20z']
  [assemble]   feature file: True /mnt/d/lagrangian-jepa-cn/reuse_stilt/server_backup_20260830/hrrr_stilt_production_v1/train_p250/20170611/model_features/a2017061102_f00.npz
  [assemble]   feature file: True /mnt/d/lagrangian-jepa-cn/reuse_stilt/server_backup_20260830/hrrr_stilt_production_v1/train_p250/20170611/model_features/a2017061108_f00.npz
  [assemble]   feature file: True /mnt/d/lagrangian-jepa-cn/reuse_stilt/server_backup_20260830/hrrr_stilt_production_v1/train_p250/20170611/model_features/a2017061114_f00.npz
  [assemble]   feature file: True /mnt/d/lagrangian-jepa-cn/reuse_stilt/server_backup_20260830/hrrr_stilt_production_v1/train_p250/20170611/model_features/a2017061120_f00.npz
  [assemble] loaded 20170611.02z {'U10M': ((1059, 1799), dtype('float32'), 0.46863552927970886), 'V10M': ((1059, 1799), dtype('float32'), 0.5065367817878723), 'PBLH': ((1059, 1799), dtype('float32'), 661.1039428710938), 'PRSS': ((1059, 1799), dtype('float32'), 95828.484375)} (0.2s)
  [assemble] loaded 20170611.08z {'U10M': ((1059, 1799), dtype('float32'), 0.28395959734916687), 'V10M': ((1059, 1799), dtype('float32'), 0.5495249629020691), 'PBLH': ((1059, 1799), dtype('float32'), 289.7646484375), 'PRSS': ((1059, 1799), dtype('float32'), 95936.125)} (0.4s)
  [assemble] loaded 20170611.14z {'U10M': ((1059, 1799), dtype('float32'), 0.5828680396080017), 'V10M': ((1059, 1799), dtype('float32'), 0.49557048082351685), 'PBLH': ((1059, 1799), dtype('float32'), 425.6660461425781), 'PRSS': ((1059, 1799), dtype('float32'), 96117.3984375)} (0.6s)
  [assemble] loaded 20170611.20z {'U10M': ((1059, 1799), dtype('float32'), 0.6377935409545898), 'V10M': ((1059, 1799), dtype('float32'), 0.8283411860466003), 'PBLH': ((1059, 1799), dtype('float32'), 1107.024658203125), 'PRSS': ((1059, 1799), dtype('float32'), 96090.25)} (0.8s)
  [assemble]  20/120 kept=20 skip=0 (1.2s)
  [assemble]  40/120 kept=40 skip=0 (1.6s)
  [assemble]  60/120 kept=60 skip=0 (2.0s)
  [assemble]  80/120 kept=80 skip=0 (2.3s)
  [assemble]  100/120 kept=100 skip=0 (2.7s)
  [assemble]  120/120 kept=120 skip=0 (3.1s)
  [assemble] saved 120 samples -> /mnt/d/lagrangian-jepa-cn/data/datasets/formal_hrrr_train_p250/20170611 (skip 0) (4.1s)
  {
    "n_samples": 120,
    "n_skipped": 0,
    "arrays": {
      "inputs": [
        120,
        20,
        128,
        128
      ],
      "targets": [
        120,
        128,
        128
      ]
    }
  }
  
[validate_dataset.py] rc=0
  load_dataset replica: PASS
    x: (120, 20, 128, 128) float32 | y: (120, 128, 128) float32
    samples: 120 | contract grid: 128 | schema: 5
    target_mode: stilt_surface_footprint_physical | label_source: stilt_xstilt
    unique sim_ids: 120 | unique receptors: 120 | unique input/target pairs: 120
    inputs_sha256: 022ae5c9c1b1af7ff455712890d8b77e024e3ddd5c292c42d56da39b64c07f45
    targets_sha256: a7800e99d3ceb885adfc6ca98998b392e6a77d4a4b075cd6ae74e0701a773389
    coverage min/mean/max: 0.98443603515625 0.98443603515625 0.98443603515625
    footprint_sum min/mean/max: 0.04548058746577278 44.446142703135365 110.697861575335
  
[train_stilt_strict.load_dataset] rc=0
  load_dataset PASS
  x (120, 20, 128, 128) float32 y (120, 128, 128) float32
  uniqueness {'unique_sim_ids': 120, 'unique_receptors': 120, 'unique_input_target_pairs': 120}
  fingerprints {'inputs_sha256': '022ae5c9c1b1af7ff455712890d8b77e024e3ddd5c292c42d56da39b64c07f45', 'targets_sha256': 'a7800e99d3ceb885adfc6ca98998b392e6a77d4a4b075cd6ae74e0701a773389', 'metadata_sha256': '25f6d344f3206e13176578b50cddcaaa9f28815943e709443ebe4a8ee7f67446'}
  
ALL CHECKS PASSED
log written: /mnt/d/lagrangian-jepa-cn/data/build/build_20170611.log
