# build_date_log 20160318 role=formal_test_p1000
[manifest] rows=120 matched=120 mismatch=0 missing_local=0
[assemble] rc=0
  [assemble] manifest rows: 120 snapshots: ['20160318.21z']
  [assemble] required feature snapshots: ['20160318.03z', '20160318.09z', '20160318.15z', '20160318.21z']
  [assemble]   feature file: True /mnt/d/lagrangian-jepa-cn/reuse_stilt/server_backup_20260830/hrrr_stilt_production_v1/formal_test_p1000/20160318/model_features/a2016031803_f00.npz
  [assemble]   feature file: True /mnt/d/lagrangian-jepa-cn/reuse_stilt/server_backup_20260830/hrrr_stilt_production_v1/formal_test_p1000/20160318/model_features/a2016031809_f00.npz
  [assemble]   feature file: True /mnt/d/lagrangian-jepa-cn/reuse_stilt/server_backup_20260830/hrrr_stilt_production_v1/formal_test_p1000/20160318/model_features/a2016031815_f00.npz
  [assemble]   feature file: True /mnt/d/lagrangian-jepa-cn/reuse_stilt/server_backup_20260830/hrrr_stilt_production_v1/formal_test_p1000/20160318/model_features/a2016031821_f00.npz
  [assemble] loaded 20160318.03z {'U10M': ((1059, 1799), dtype('float32'), 0.3762899935245514), 'V10M': ((1059, 1799), dtype('float32'), -0.7274901270866394), 'PBLH': ((1059, 1799), dtype('float32'), 164.85362243652344), 'PRSS': ((1059, 1799), dtype('float32'), 96095.8203125)} (0.1s)
  [assemble] loaded 20160318.09z {'U10M': ((1059, 1799), dtype('float32'), 0.3722178339958191), 'V10M': ((1059, 1799), dtype('float32'), -0.5856151580810547), 'PBLH': ((1059, 1799), dtype('float32'), 189.09033203125), 'PRSS': ((1059, 1799), dtype('float32'), 96087.15625)} (0.3s)
  [assemble] loaded 20160318.15z {'U10M': ((1059, 1799), dtype('float32'), 0.4304843246936798), 'V10M': ((1059, 1799), dtype('float32'), -1.0765018463134766), 'PBLH': ((1059, 1799), dtype('float32'), 504.13580322265625), 'PRSS': ((1059, 1799), dtype('float32'), 96238.21875)} (0.4s)
  [assemble] loaded 20160318.21z {'U10M': ((1059, 1799), dtype('float32'), 1.3067249059677124), 'V10M': ((1059, 1799), dtype('float32'), -1.4311599731445312), 'PBLH': ((1059, 1799), dtype('float32'), 1173.435791015625), 'PRSS': ((1059, 1799), dtype('float32'), 96203.5625)} (0.5s)
  [assemble]  20/120 kept=20 skip=0 (0.9s)
  [assemble]  40/120 kept=40 skip=0 (1.2s)
  [assemble]  60/120 kept=60 skip=0 (1.5s)
  [assemble]  80/120 kept=80 skip=0 (1.8s)
  [assemble]  100/120 kept=100 skip=0 (2.1s)
  [assemble]  120/120 kept=120 skip=0 (2.5s)
  [assemble] saved 120 samples -> /mnt/d/lagrangian-jepa-cn/data/datasets/formal_hrrr_formal_test_p1000/20160318 (skip 0) (3.7s)
  {
    "n_samples": 120,
    "n_skipped": 0,
    "arrays": {
      "inputs": [
        120,
        20,
        128,
        128
      ],
      "targets": [
        120,
        128,
        128
      ]
    }
  }
  
[validate_dataset.py] rc=0
  load_dataset replica: PASS
    x: (120, 20, 128, 128) float32 | y: (120, 128, 128) float32
    samples: 120 | contract grid: 128 | schema: 5
    target_mode: stilt_surface_footprint_physical | label_source: stilt_xstilt
    unique sim_ids: 120 | unique receptors: 120 | unique input/target pairs: 120
    inputs_sha256: f90cc8e43e68192e674df1de1115330ab96a406232d7d559392514d1f1dc0971
    targets_sha256: 7997dcbb441c33932d9eb304183b8977c3eece41cdeb2cc6adbb3ec1d6c11b1c
    coverage min/mean/max: 0.98443603515625 0.98443603515625 0.98443603515625
    footprint_sum min/mean/max: 6.510640284479676 42.369074390417936 123.94526238949797
  
[train_stilt_strict.load_dataset] rc=0
  load_dataset PASS
  x (120, 20, 128, 128) float32 y (120, 128, 128) float32
  uniqueness {'unique_sim_ids': 120, 'unique_receptors': 120, 'unique_input_target_pairs': 120}
  fingerprints {'inputs_sha256': 'f90cc8e43e68192e674df1de1115330ab96a406232d7d559392514d1f1dc0971', 'targets_sha256': '7997dcbb441c33932d9eb304183b8977c3eece41cdeb2cc6adbb3ec1d6c11b1c', 'metadata_sha256': '6cfd224c8ec99129c7638e4cdb776f5748d7ec50aa4db1259621d882ec76f4c0'}
  
ALL CHECKS PASSED
log written: /mnt/d/lagrangian-jepa-cn/data/build/build_20160318.log
