# build_date_log 20170517 role=validation_p1000
[manifest] rows=120 matched=120 mismatch=0 missing_local=0
[assemble] rc=0
  [assemble] manifest rows: 120 snapshots: ['20170517.20z', '20170517.21z']
  [assemble] required feature snapshots: ['20170517.02z', '20170517.03z', '20170517.08z', '20170517.09z', '20170517.14z', '20170517.15z', '20170517.20z', '20170517.21z']
  [assemble]   feature file: True /mnt/d/lagrangian-jepa-cn/reuse_stilt/server_backup_20260830/hrrr_stilt_production_v1/validation_p1000/20170517/model_features/a2017051702_f00.npz
  [assemble]   feature file: True /mnt/d/lagrangian-jepa-cn/reuse_stilt/server_backup_20260830/hrrr_stilt_production_v1/validation_p1000/20170517/model_features/a2017051703_f00.npz
  [assemble]   feature file: True /mnt/d/lagrangian-jepa-cn/reuse_stilt/server_backup_20260830/hrrr_stilt_production_v1/validation_p1000/20170517/model_features/a2017051708_f00.npz
  [assemble]   feature file: True /mnt/d/lagrangian-jepa-cn/reuse_stilt/server_backup_20260830/hrrr_stilt_production_v1/validation_p1000/20170517/model_features/a2017051709_f00.npz
  [assemble]   feature file: True /mnt/d/lagrangian-jepa-cn/reuse_stilt/server_backup_20260830/hrrr_stilt_production_v1/validation_p1000/20170517/model_features/a2017051714_f00.npz
  [assemble]   feature file: True /mnt/d/lagrangian-jepa-cn/reuse_stilt/server_backup_20260830/hrrr_stilt_production_v1/validation_p1000/20170517/model_features/a2017051715_f00.npz
  [assemble]   feature file: True /mnt/d/lagrangian-jepa-cn/reuse_stilt/server_backup_20260830/hrrr_stilt_production_v1/validation_p1000/20170517/model_features/a2017051720_f00.npz
  [assemble]   feature file: True /mnt/d/lagrangian-jepa-cn/reuse_stilt/server_backup_20260830/hrrr_stilt_production_v1/validation_p1000/20170517/model_features/a2017051721_f00.npz
  [assemble] loaded 20170517.02z {'U10M': ((1059, 1799), dtype('float32'), 0.3816177546977997), 'V10M': ((1059, 1799), dtype('float32'), -0.08389651030302048), 'PBLH': ((1059, 1799), dtype('float32'), 586.1932373046875), 'PRSS': ((1059, 1799), dtype('float32'), 95806.7265625)} (0.2s)
  [assemble] loaded 20170517.03z {'U10M': ((1059, 1799), dtype('float32'), 0.16906222701072693), 'V10M': ((1059, 1799), dtype('float32'), -0.048770587891340256), 'PBLH': ((1059, 1799), dtype('float32'), 451.2691955566406), 'PRSS': ((1059, 1799), dtype('float32'), 95826.9375)} (0.4s)
  [assemble] loaded 20170517.08z {'U10M': ((1059, 1799), dtype('float32'), 0.06301361322402954), 'V10M': ((1059, 1799), dtype('float32'), -0.0747898519039154), 'PBLH': ((1059, 1799), dtype('float32'), 344.4851989746094), 'PRSS': ((1059, 1799), dtype('float32'), 95816.9453125)} (0.6s)
  [assemble] loaded 20170517.09z {'U10M': ((1059, 1799), dtype('float32'), -0.0042192088440060616), 'V10M': ((1059, 1799), dtype('float32'), -0.127720907330513), 'PBLH': ((1059, 1799), dtype('float32'), 335.8857116699219), 'PRSS': ((1059, 1799), dtype('float32'), 95820.890625)} (0.9s)
  [assemble] loaded 20170517.14z {'U10M': ((1059, 1799), dtype('float32'), 0.09566870331764221), 'V10M': ((1059, 1799), dtype('float32'), 0.09965543448925018), 'PBLH': ((1059, 1799), dtype('float32'), 428.9748840332031), 'PRSS': ((1059, 1799), dtype('float32'), 95938.671875)} (1.1s)
  [assemble] loaded 20170517.15z {'U10M': ((1059, 1799), dtype('float32'), 0.23538199067115784), 'V10M': ((1059, 1799), dtype('float32'), 0.11050128936767578), 'PBLH': ((1059, 1799), dtype('float32'), 538.2742309570312), 'PRSS': ((1059, 1799), dtype('float32'), 95955.59375)} (1.3s)
  [assemble] loaded 20170517.20z {'U10M': ((1059, 1799), dtype('float32'), 0.3784927427768707), 'V10M': ((1059, 1799), dtype('float32'), 0.19700086116790771), 'PBLH': ((1059, 1799), dtype('float32'), 920.3023071289062), 'PRSS': ((1059, 1799), dtype('float32'), 95922.15625)} (1.5s)
  [assemble] loaded 20170517.21z {'U10M': ((1059, 1799), dtype('float32'), 0.36419734358787537), 'V10M': ((1059, 1799), dtype('float32'), 0.1323370784521103), 'PBLH': ((1059, 1799), dtype('float32'), 952.2246704101562), 'PRSS': ((1059, 1799), dtype('float32'), 95906.40625)} (1.7s)
  [assemble]  20/120 kept=20 skip=0 (2.1s)
  [assemble]  40/120 kept=40 skip=0 (2.4s)
  [assemble]  60/120 kept=60 skip=0 (2.8s)
  [assemble]  80/120 kept=80 skip=0 (3.1s)
  [assemble]  100/120 kept=100 skip=0 (3.5s)
  [assemble]  120/120 kept=120 skip=0 (3.8s)
  [assemble] saved 120 samples -> /mnt/d/lagrangian-jepa-cn/data/datasets/formal_hrrr_validation_p1000/20170517 (skip 0) (4.9s)
  {
    "n_samples": 120,
    "n_skipped": 0,
    "arrays": {
      "inputs": [
        120,
        20,
        128,
        128
      ],
      "targets": [
        120,
        128,
        128
      ]
    }
  }
  
[validate_dataset.py] rc=0
  load_dataset replica: PASS
    x: (120, 20, 128, 128) float32 | y: (120, 128, 128) float32
    samples: 120 | contract grid: 128 | schema: 5
    target_mode: stilt_surface_footprint_physical | label_source: stilt_xstilt
    unique sim_ids: 120 | unique receptors: 120 | unique input/target pairs: 120
    inputs_sha256: 87464a10255f85bbda099f78f4d6186e2a07c8a338b6f13352075e08c04c2fe5
    targets_sha256: c82abdeb0865bd31d166de4b60dcd9e2d0117c0244c60a04174cf624ebbe97d7
    coverage min/mean/max: 0.98443603515625 0.98443603515625 0.98443603515625
    footprint_sum min/mean/max: 0.6869284124751293 8.992739071611803 40.64428487887621
  
[train_stilt_strict.load_dataset] rc=0
  load_dataset PASS
  x (120, 20, 128, 128) float32 y (120, 128, 128) float32
  uniqueness {'unique_sim_ids': 120, 'unique_receptors': 120, 'unique_input_target_pairs': 120}
  fingerprints {'inputs_sha256': '87464a10255f85bbda099f78f4d6186e2a07c8a338b6f13352075e08c04c2fe5', 'targets_sha256': 'c82abdeb0865bd31d166de4b60dcd9e2d0117c0244c60a04174cf624ebbe97d7', 'metadata_sha256': '75042e5d6fb456e7bcb6a7e5df61a0d3e7863cf1e675708ac6b4f5ff9e7aa5d1'}
  
ALL CHECKS PASSED
log written: /mnt/d/lagrangian-jepa-cn/data/build/build_20170517.log
