# build_date_log 20160523 role=train_p250
[manifest] rows=120 matched=120 mismatch=0 missing_local=0
[assemble] rc=0
  [assemble] manifest rows: 120 snapshots: ['20160523.20z']
  [assemble] required feature snapshots: ['20160523.02z', '20160523.08z', '20160523.14z', '20160523.20z']
  [assemble]   feature file: True /mnt/d/lagrangian-jepa-cn/reuse_stilt/server_backup_20260830/hrrr_stilt_production_v1/train_p250/20160523/model_features/a2016052302_f00.npz
  [assemble]   feature file: True /mnt/d/lagrangian-jepa-cn/reuse_stilt/server_backup_20260830/hrrr_stilt_production_v1/train_p250/20160523/model_features/a2016052308_f00.npz
  [assemble]   feature file: True /mnt/d/lagrangian-jepa-cn/reuse_stilt/server_backup_20260830/hrrr_stilt_production_v1/train_p250/20160523/model_features/a2016052314_f00.npz
  [assemble]   feature file: True /mnt/d/lagrangian-jepa-cn/reuse_stilt/server_backup_20260830/hrrr_stilt_production_v1/train_p250/20160523/model_features/a2016052320_f00.npz
  [assemble] loaded 20160523.02z {'U10M': ((1059, 1799), dtype('float32'), 1.0684125423431396), 'V10M': ((1059, 1799), dtype('float32'), -0.15342897176742554), 'PBLH': ((1059, 1799), dtype('float32'), 382.8830871582031), 'PRSS': ((1059, 1799), dtype('float32'), 95899.0)} (0.2s)
  [assemble] loaded 20160523.08z {'U10M': ((1059, 1799), dtype('float32'), 0.7674885988235474), 'V10M': ((1059, 1799), dtype('float32'), -0.12345854938030243), 'PBLH': ((1059, 1799), dtype('float32'), 238.40150451660156), 'PRSS': ((1059, 1799), dtype('float32'), 95909.8046875)} (0.4s)
  [assemble] loaded 20160523.14z {'U10M': ((1059, 1799), dtype('float32'), 0.8338291645050049), 'V10M': ((1059, 1799), dtype('float32'), -0.15935324132442474), 'PBLH': ((1059, 1799), dtype('float32'), 521.1525268554688), 'PRSS': ((1059, 1799), dtype('float32'), 95985.3203125)} (0.6s)
  [assemble] loaded 20160523.20z {'U10M': ((1059, 1799), dtype('float32'), 1.4574942588806152), 'V10M': ((1059, 1799), dtype('float32'), 0.4858877658843994), 'PBLH': ((1059, 1799), dtype('float32'), 1575.296142578125), 'PRSS': ((1059, 1799), dtype('float32'), 95906.3671875)} (0.8s)
  [assemble]  20/120 kept=20 skip=0 (1.1s)
  [assemble]  40/120 kept=40 skip=0 (1.4s)
  [assemble]  60/120 kept=60 skip=0 (1.7s)
  [assemble]  80/120 kept=80 skip=0 (2.1s)
  [assemble]  100/120 kept=100 skip=0 (2.4s)
  [assemble]  120/120 kept=120 skip=0 (2.7s)
  [assemble] saved 120 samples -> /mnt/d/lagrangian-jepa-cn/data/datasets/formal_hrrr_train_p250/20160523 (skip 0) (3.7s)
  {
    "n_samples": 120,
    "n_skipped": 0,
    "arrays": {
      "inputs": [
        120,
        20,
        128,
        128
      ],
      "targets": [
        120,
        128,
        128
      ]
    }
  }
  
[validate_dataset.py] rc=0
  load_dataset replica: PASS
    x: (120, 20, 128, 128) float32 | y: (120, 128, 128) float32
    samples: 120 | contract grid: 128 | schema: 5
    target_mode: stilt_surface_footprint_physical | label_source: stilt_xstilt
    unique sim_ids: 120 | unique receptors: 120 | unique input/target pairs: 120
    inputs_sha256: 3e0229a8fd431206899cd114aa20881c4a30fd227fb12c7d1e37b8c4dd397a5d
    targets_sha256: 689c9f545c4064ad7b28c43260e3bce8fa3d60eeb4dd7ff5c61ef8d1daac8a4f
    coverage min/mean/max: 0.98443603515625 0.98443603515625 0.98443603515625
    footprint_sum min/mean/max: 7.983873137338708 40.16798585514334 88.84558168651903
  
[train_stilt_strict.load_dataset] rc=0
  load_dataset PASS
  x (120, 20, 128, 128) float32 y (120, 128, 128) float32
  uniqueness {'unique_sim_ids': 120, 'unique_receptors': 120, 'unique_input_target_pairs': 120}
  fingerprints {'inputs_sha256': '3e0229a8fd431206899cd114aa20881c4a30fd227fb12c7d1e37b8c4dd397a5d', 'targets_sha256': '689c9f545c4064ad7b28c43260e3bce8fa3d60eeb4dd7ff5c61ef8d1daac8a4f', 'metadata_sha256': '26557ff4b98e948ce762d3b6aacb709851561bb065c975052c381f232b74e859'}
  
ALL CHECKS PASSED
log written: /mnt/d/lagrangian-jepa-cn/data/build/build_20160523.log
