# build_date_log 20160615 role=train_p250
[manifest] rows=120 matched=120 mismatch=0 missing_local=0
[assemble] rc=0
  [assemble] manifest rows: 120 snapshots: ['20160615.20z']
  [assemble] required feature snapshots: ['20160615.02z', '20160615.08z', '20160615.14z', '20160615.20z']
  [assemble]   feature file: True /mnt/d/lagrangian-jepa-cn/reuse_stilt/server_backup_20260830/hrrr_stilt_production_v1/train_p250/20160615/model_features/a2016061502_f00.npz
  [assemble]   feature file: True /mnt/d/lagrangian-jepa-cn/reuse_stilt/server_backup_20260830/hrrr_stilt_production_v1/train_p250/20160615/model_features/a2016061508_f00.npz
  [assemble]   feature file: True /mnt/d/lagrangian-jepa-cn/reuse_stilt/server_backup_20260830/hrrr_stilt_production_v1/train_p250/20160615/model_features/a2016061514_f00.npz
  [assemble]   feature file: True /mnt/d/lagrangian-jepa-cn/reuse_stilt/server_backup_20260830/hrrr_stilt_production_v1/train_p250/20160615/model_features/a2016061520_f00.npz
  [assemble] loaded 20160615.02z {'U10M': ((1059, 1799), dtype('float32'), 0.9646003246307373), 'V10M': ((1059, 1799), dtype('float32'), 0.1098213642835617), 'PBLH': ((1059, 1799), dtype('float32'), 403.20294189453125), 'PRSS': ((1059, 1799), dtype('float32'), 95965.6953125)} (0.2s)
  [assemble] loaded 20160615.08z {'U10M': ((1059, 1799), dtype('float32'), 0.7471942901611328), 'V10M': ((1059, 1799), dtype('float32'), 0.4301949441432953), 'PBLH': ((1059, 1799), dtype('float32'), 212.92733764648438), 'PRSS': ((1059, 1799), dtype('float32'), 96008.171875)} (0.4s)
  [assemble] loaded 20160615.14z {'U10M': ((1059, 1799), dtype('float32'), 1.1522949934005737), 'V10M': ((1059, 1799), dtype('float32'), 0.5013266205787659), 'PBLH': ((1059, 1799), dtype('float32'), 475.123779296875), 'PRSS': ((1059, 1799), dtype('float32'), 96123.3671875)} (0.6s)
  [assemble] loaded 20160615.20z {'U10M': ((1059, 1799), dtype('float32'), 1.5537976026535034), 'V10M': ((1059, 1799), dtype('float32'), 1.0046634674072266), 'PBLH': ((1059, 1799), dtype('float32'), 1469.7532958984375), 'PRSS': ((1059, 1799), dtype('float32'), 96052.7578125)} (0.8s)
  [assemble]  20/120 kept=20 skip=0 (1.2s)
  [assemble]  40/120 kept=40 skip=0 (1.6s)
  [assemble]  60/120 kept=60 skip=0 (2.1s)
  [assemble]  80/120 kept=80 skip=0 (2.4s)
  [assemble]  100/120 kept=100 skip=0 (2.8s)
  [assemble]  120/120 kept=120 skip=0 (3.2s)
  [assemble] saved 120 samples -> /mnt/d/lagrangian-jepa-cn/data/datasets/formal_hrrr_train_p250/20160615 (skip 0) (4.4s)
  {
    "n_samples": 120,
    "n_skipped": 0,
    "arrays": {
      "inputs": [
        120,
        20,
        128,
        128
      ],
      "targets": [
        120,
        128,
        128
      ]
    }
  }
  
[validate_dataset.py] rc=0
  load_dataset replica: PASS
    x: (120, 20, 128, 128) float32 | y: (120, 128, 128) float32
    samples: 120 | contract grid: 128 | schema: 5
    target_mode: stilt_surface_footprint_physical | label_source: stilt_xstilt
    unique sim_ids: 120 | unique receptors: 120 | unique input/target pairs: 120
    inputs_sha256: 740b40caffc62dc626bd2c1d0439fbb946dc05e811ff94b09c4a499eb8a0a923
    targets_sha256: 5854f4293bc61ee1aacd34149249d3a20528232b8ea05cafa6f133d998240abe
    coverage min/mean/max: 0.98443603515625 0.98443603515625 0.98443603515625
    footprint_sum min/mean/max: 12.41880413974033 52.981294479656405 106.80346451452398
  
[train_stilt_strict.load_dataset] rc=0
  load_dataset PASS
  x (120, 20, 128, 128) float32 y (120, 128, 128) float32
  uniqueness {'unique_sim_ids': 120, 'unique_receptors': 120, 'unique_input_target_pairs': 120}
  fingerprints {'inputs_sha256': '740b40caffc62dc626bd2c1d0439fbb946dc05e811ff94b09c4a499eb8a0a923', 'targets_sha256': '5854f4293bc61ee1aacd34149249d3a20528232b8ea05cafa6f133d998240abe', 'metadata_sha256': '6a9d93e7c707572eb29912e4da7e12a4fe2401f238294ed8d3d3ddd8e7bd2030'}
  
ALL CHECKS PASSED
log written: /mnt/d/lagrangian-jepa-cn/data/build/build_20160615.log
