# build_date_log 20170314 role=train_p250
[manifest] rows=120 matched=120 mismatch=0 missing_local=0
[assemble] rc=0
  [assemble] manifest rows: 120 snapshots: ['20170314.20z', '20170314.21z']
  [assemble] required feature snapshots: ['20170314.02z', '20170314.03z', '20170314.08z', '20170314.09z', '20170314.14z', '20170314.15z', '20170314.20z', '20170314.21z']
  [assemble]   feature file: True /mnt/d/lagrangian-jepa-cn/reuse_stilt/server_backup_20260830/hrrr_stilt_production_v1/train_p250/20170314/model_features/a2017031402_f00.npz
  [assemble]   feature file: True /mnt/d/lagrangian-jepa-cn/reuse_stilt/server_backup_20260830/hrrr_stilt_production_v1/train_p250/20170314/model_features/a2017031403_f00.npz
  [assemble]   feature file: True /mnt/d/lagrangian-jepa-cn/reuse_stilt/server_backup_20260830/hrrr_stilt_production_v1/train_p250/20170314/model_features/a2017031408_f00.npz
  [assemble]   feature file: True /mnt/d/lagrangian-jepa-cn/reuse_stilt/server_backup_20260830/hrrr_stilt_production_v1/train_p250/20170314/model_features/a2017031409_f00.npz
  [assemble]   feature file: True /mnt/d/lagrangian-jepa-cn/reuse_stilt/server_backup_20260830/hrrr_stilt_production_v1/train_p250/20170314/model_features/a2017031414_f00.npz
  [assemble]   feature file: True /mnt/d/lagrangian-jepa-cn/reuse_stilt/server_backup_20260830/hrrr_stilt_production_v1/train_p250/20170314/model_features/a2017031415_f00.npz
  [assemble]   feature file: True /mnt/d/lagrangian-jepa-cn/reuse_stilt/server_backup_20260830/hrrr_stilt_production_v1/train_p250/20170314/model_features/a2017031420_f00.npz
  [assemble]   feature file: True /mnt/d/lagrangian-jepa-cn/reuse_stilt/server_backup_20260830/hrrr_stilt_production_v1/train_p250/20170314/model_features/a2017031421_f00.npz
  [assemble] loaded 20170314.02z {'U10M': ((1059, 1799), dtype('float32'), -0.548128068447113), 'V10M': ((1059, 1799), dtype('float32'), -0.4533555507659912), 'PBLH': ((1059, 1799), dtype('float32'), 380.7038269042969), 'PRSS': ((1059, 1799), dtype('float32'), 96632.2734375)} (0.2s)
  [assemble] loaded 20170314.03z {'U10M': ((1059, 1799), dtype('float32'), -0.6009103655815125), 'V10M': ((1059, 1799), dtype('float32'), -0.31087175011634827), 'PBLH': ((1059, 1799), dtype('float32'), 302.4913635253906), 'PRSS': ((1059, 1799), dtype('float32'), 96643.4296875)} (0.4s)
  [assemble] loaded 20170314.08z {'U10M': ((1059, 1799), dtype('float32'), -0.2526923418045044), 'V10M': ((1059, 1799), dtype('float32'), 0.05096311494708061), 'PBLH': ((1059, 1799), dtype('float32'), 252.7100372314453), 'PRSS': ((1059, 1799), dtype('float32'), 96549.9296875)} (0.7s)
  [assemble] loaded 20170314.09z {'U10M': ((1059, 1799), dtype('float32'), -0.21208718419075012), 'V10M': ((1059, 1799), dtype('float32'), 0.053380463272333145), 'PBLH': ((1059, 1799), dtype('float32'), 244.6124725341797), 'PRSS': ((1059, 1799), dtype('float32'), 96524.21875)} (0.9s)
  [assemble] loaded 20170314.14z {'U10M': ((1059, 1799), dtype('float32'), 0.14058685302734375), 'V10M': ((1059, 1799), dtype('float32'), -0.18621952831745148), 'PBLH': ((1059, 1799), dtype('float32'), 284.2620544433594), 'PRSS': ((1059, 1799), dtype('float32'), 96560.734375)} (1.1s)
  [assemble] loaded 20170314.15z {'U10M': ((1059, 1799), dtype('float32'), 0.19497467577457428), 'V10M': ((1059, 1799), dtype('float32'), -0.14715911448001862), 'PBLH': ((1059, 1799), dtype('float32'), 320.66619873046875), 'PRSS': ((1059, 1799), dtype('float32'), 96575.7109375)} (1.3s)
  [assemble] loaded 20170314.20z {'U10M': ((1059, 1799), dtype('float32'), 1.543963074684143), 'V10M': ((1059, 1799), dtype('float32'), -0.29528388381004333), 'PBLH': ((1059, 1799), dtype('float32'), 769.1790161132812), 'PRSS': ((1059, 1799), dtype('float32'), 96453.5625)} (1.5s)
  [assemble] loaded 20170314.21z {'U10M': ((1059, 1799), dtype('float32'), 1.7794461250305176), 'V10M': ((1059, 1799), dtype('float32'), -0.395889014005661), 'PBLH': ((1059, 1799), dtype('float32'), 840.4764404296875), 'PRSS': ((1059, 1799), dtype('float32'), 96414.046875)} (1.7s)
  [assemble]  20/120 kept=20 skip=0 (2.1s)
  [assemble]  40/120 kept=40 skip=0 (2.5s)
  [assemble]  60/120 kept=60 skip=0 (2.8s)
  [assemble]  80/120 kept=80 skip=0 (3.2s)
  [assemble]  100/120 kept=100 skip=0 (3.5s)
  [assemble]  120/120 kept=120 skip=0 (3.9s)
  [assemble] saved 120 samples -> /mnt/d/lagrangian-jepa-cn/data/datasets/formal_hrrr_train_p250/20170314 (skip 0) (4.9s)
  {
    "n_samples": 120,
    "n_skipped": 0,
    "arrays": {
      "inputs": [
        120,
        20,
        128,
        128
      ],
      "targets": [
        120,
        128,
        128
      ]
    }
  }
  
[validate_dataset.py] rc=0
  load_dataset replica: PASS
    x: (120, 20, 128, 128) float32 | y: (120, 128, 128) float32
    samples: 120 | contract grid: 128 | schema: 5
    target_mode: stilt_surface_footprint_physical | label_source: stilt_xstilt
    unique sim_ids: 120 | unique receptors: 120 | unique input/target pairs: 120
    inputs_sha256: 642e500f13042b6bd16335793b9d00ca5d326e5c4aa913031c3ef5cb92e67ecd
    targets_sha256: af59f53f2cf711ec0dfee122360f9a8ad72f8c555fb499b1073efd17d565c70e
    coverage min/mean/max: 0.98443603515625 0.98443603515625 0.98443603515625
    footprint_sum min/mean/max: 11.844492542168082 28.186501886356506 33.356722547074156
  
[train_stilt_strict.load_dataset] rc=0
  load_dataset PASS
  x (120, 20, 128, 128) float32 y (120, 128, 128) float32
  uniqueness {'unique_sim_ids': 120, 'unique_receptors': 120, 'unique_input_target_pairs': 120}
  fingerprints {'inputs_sha256': '642e500f13042b6bd16335793b9d00ca5d326e5c4aa913031c3ef5cb92e67ecd', 'targets_sha256': 'af59f53f2cf711ec0dfee122360f9a8ad72f8c555fb499b1073efd17d565c70e', 'metadata_sha256': '1b265eb9e2c2f814815f540605c1bab72504f0afb702979c2652efd707b864ab'}
  
ALL CHECKS PASSED
log written: /mnt/d/lagrangian-jepa-cn/data/build/build_20170314.log
