-- file 2017111102.grib2
PRSS (sp,surface,0) unit=Pa n=1905141 min=60990.0000 max=103450.0000 mean=96592.5093 dataDate=20171111 dataTime=200 step=0
U10M (10u,heightAboveGround,10) unit=m s**-1 n=1905141 min=-12.7568 max=19.3682 mean=0.2055 dataDate=20171111 dataTime=200 step=0
V10M (10v,heightAboveGround,10) unit=m s**-1 n=1905141 min=-16.8779 max=15.4346 mean=-1.3388 dataDate=20171111 dataTime=200 step=0
PBLH (blh,surface,0) unit=m n=1905141 min=21.0737 max=2394.1987 mean=413.9055 dataDate=20171111 dataTime=200 step=0
-- file 2017111108.grib2
PRSS (sp,surface,0) unit=Pa n=1905141 min=60830.0000 max=103620.0000 mean=96613.3976 dataDate=20171111 dataTime=800 step=0
U10M (10u,heightAboveGround,10) unit=m s**-1 n=1905141 min=-12.4544 max=19.9206 mean=-0.0502 dataDate=20171111 dataTime=800 step=0
V10M (10v,heightAboveGround,10) unit=m s**-1 n=1905141 min=-14.7267 max=12.9608 mean=-1.1339 dataDate=20171111 dataTime=800 step=0
PBLH (blh,surface,0) unit=m n=1905141 min=20.2216 max=1531.9091 mean=361.2663 dataDate=20171111 dataTime=800 step=0
-- file 2017111114.grib2
PRSS (sp,surface,0) unit=Pa n=1905141 min=60820.0000 max=103840.0000 mean=96725.7885 dataDate=20171111 dataTime=1400 step=0
U10M (10u,heightAboveGround,10) unit=m s**-1 n=1905141 min=-10.9479 max=19.1771 mean=-0.3252 dataDate=20171111 dataTime=1400 step=0
V10M (10v,heightAboveGround,10) unit=m s**-1 n=1905141 min=-13.8225 max=13.8025 mean=-1.0933 dataDate=20171111 dataTime=1400 step=0
PBLH (blh,surface,0) unit=m n=1905141 min=19.7715 max=1570.0840 mean=356.4155 dataDate=20171111 dataTime=1400 step=0
-- file 2017111120.grib2
PRSS (sp,surface,0) unit=Pa n=1905141 min=61000.0000 max=103430.0000 mean=96639.3332 dataDate=20171111 dataTime=2000 step=0
U10M (10u,heightAboveGround,10) unit=m s**-1 n=1905141 min=-10.2434 max=15.4441 mean=-0.1390 dataDate=20171111 dataTime=2000 step=0
V10M (10v,heightAboveGround,10) unit=m s**-1 n=1905141 min=-12.7179 max=14.2821 mean=-0.7984 dataDate=20171111 dataTime=2000 step=0
PBLH (blh,surface,0) unit=m n=1905141 min=24.3053 max=3676.8678 mean=678.7039 dataDate=20171111 dataTime=2000 step=0
