load_dataset (project train_stilt_strict): PASS
x (120, 20, 128, 128) float32 y (120, 128, 128) float32
uniqueness {'unique_sim_ids': 120, 'unique_receptors': 120, 'unique_input_target_pairs': 120}
fingerprints {'inputs_sha256': '46471aedbe30a55db31cf0051f447ed6af54466d8b158ec87a4f70913e5af502', 'targets_sha256': '95d7499e7b58fa9ee7037431700b3ea9e8d3a52511428b5a5f50944912492475', 'metadata_sha256': '4bd7b55409f832d340895e978335e3155fd71ff6de79d837b69538df83a7fb1a'}
sample0 {
 "coverage": 0.98443603515625,
 "footprint_sum": 17.519042789324512,
 "latitude": 32.00134,
 "longitude": -116.23976,
 "run_time": "2017-11-11T20:46:41Z",
 "sim_id": "hrrr-so-20171111-p250_20171111T204641Z_4e47e91dcaf0",
 "snapshot": "20171111.20z",
 "source_grid": [
  116,
  136
 ],
 "units": "stilt_surface_sensitivity",
 "zagl": 5.0
}
contract fields: {'schema_version': 5, 'grid': 128, 'spacing_km': 4.0, 'target_mode': 'stilt_surface_footprint_physical', 'label_source': 'stilt_xstilt', 'meteorology': {'alignment': 'valid_time_only_not_same_cycle', 'model_input_source': 'rolling_hrrr_lite_analysis_f00', 'stilt_driver_source': 'external_manifest_unspecified'}}
