x (3, 20, 128, 128) float32 y (3, 128, 128) float32
meta keys ['arrays', 'contract', 'contract_fingerprint', 'label_source', 'manifest', 'meteorology_manifest', 'n_samples', 'n_skipped', 'samples', 'snapshots', 'source_fingerprint']
n_samples 3 n_skipped 0 samples 3
contract_fingerprint 653af64fa131c4e7
arrays {'inputs': ([3, 20, 128, 128], 'float32', '3a1550ff72ba'), 'targets': ([3, 128, 128], 'float32', '11226ac97732')}
sample0 {
 "coverage": 0.98443603515625,
 "footprint_sum": 17.519042789324512,
 "latitude": 32.00134,
 "longitude": -116.23976,
 "run_time": "2017-11-11T20:46:41Z",
 "sim_id": "hrrr-so-20171111-p250_20171111T204641Z_4e47e91dcaf0",
 "snapshot": "20171111.20z",
 "source_grid": [
  116,
  136
 ],
 "units": "stilt_surface_sensitivity",
 "zagl": 5.0
}
ch0 impulse max at center: 1.0 sum ch0: 1.0
per-sample finite x/y: True True y>=0: True
y mean/sum per sample: [0.0010692775249481201, 0.00098914944101125, 0.001083603361621499] [17.51904296875, 16.20622444152832, 17.75375747680664]
ch1 (U10M@t0) stats over sample0: 0.0680486410856247 -0.6244736909866333 0.6735870838165283
ch17 x_coord range: -1.0 0.984375
ch18 y_coord range: -1.0 0.984375
ch19 radius range: 0.0 1.4142135381698608
