[assemble] manifest rows: 3 snapshots: ['20171111.20z']
[assemble] required feature snapshots: ['20171111.02z', '20171111.08z', '20171111.14z', '20171111.20z']
[assemble]   feature file: True /mnt/d/lagrangian-jepa-cn/met_cache/hrrr_20171111/2017111102.grib2
[assemble]   feature file: True /mnt/d/lagrangian-jepa-cn/met_cache/hrrr_20171111/2017111108.grib2
[assemble]   feature file: True /mnt/d/lagrangian-jepa-cn/met_cache/hrrr_20171111/2017111114.grib2
[assemble]   feature file: True /mnt/d/lagrangian-jepa-cn/met_cache/hrrr_20171111/2017111120.grib2
[assemble] loaded 20171111.02z {'PRSS': ((1059, 1799), dtype('float32'), 96592.5078125), 'U10M': ((1059, 1799), dtype('float32'), 0.20554745197296143), 'V10M': ((1059, 1799), dtype('float32'), -1.3387831449508667), 'PBLH': ((1059, 1799), dtype('float32'), 413.905517578125)} (6.8s)
[assemble] loaded 20171111.08z {'PRSS': ((1059, 1799), dtype('float32'), 96613.390625), 'U10M': ((1059, 1799), dtype('float32'), -0.05020540580153465), 'V10M': ((1059, 1799), dtype('float32'), -1.133910059928894), 'PBLH': ((1059, 1799), dtype('float32'), 361.26629638671875)} (12.9s)
[assemble] loaded 20171111.14z {'PRSS': ((1059, 1799), dtype('float32'), 96725.7890625), 'U10M': ((1059, 1799), dtype('float32'), -0.3252162039279938), 'V10M': ((1059, 1799), dtype('float32'), -1.0933105945587158), 'PBLH': ((1059, 1799), dtype('float32'), 356.4154968261719)} (18.8s)
[assemble] loaded 20171111.20z {'PRSS': ((1059, 1799), dtype('float32'), 96639.3359375), 'U10M': ((1059, 1799), dtype('float32'), -0.13897836208343506), 'V10M': ((1059, 1799), dtype('float32'), -0.7983669638633728), 'PBLH': ((1059, 1799), dtype('float32'), 678.7039794921875)} (23.1s)
[assemble] saved 3 samples -> /mnt/d/lagrangian-jepa-cn/data/build/smoke_out (skip 0) (23.6s)
{
  "n_samples": 3,
  "n_skipped": 0,
  "arrays": {
    "inputs": [
      3,
      20,
      128,
      128
    ],
    "targets": [
      3,
      128,
      128
    ]
  }
}
